// Jest Snapshot v1, https://goo.gl/fbAQLP

exports[`Body has a valid snapshot 1`] = `
<div
  className="container undefined"
>
  <div
    className="container undefined"
  >
    <h1>
       Home 
    </h1>
  </div>
</div>
`;
