// Jest Snapshot v1, https://goo.gl/fbAQLP

exports[`Display has a valid snapshot 1`] = `
<div>
  <div>
    Error
  </div>
</div>
`;
