// Jest Snapshot v1, https://goo.gl/fbAQLP

exports[`Key has a valid snapshot 1`] = `
<div>
  <styled.button
    className=""
  />
</div>
`;
