// Jest Snapshot v1, https://goo.gl/fbAQLP

exports[`Square has a valid snapshot 1`] = `
<button
  className="undefined "
  onClick={[Function]}
/>
`;
