// Jest Snapshot v1, https://goo.gl/fbAQLP

exports[`Calculator has a valid snapshot 1`] = `
<div>
  <Display
    value="0"
  />
  <KeyPad
    current={null}
    onClick={[Function]}
    operator={null}
  />
</div>
`;
