// Jest Snapshot v1, https://goo.gl/fbAQLP

exports[`NotFound has a valid snapshot 1`] = `
<div
  className="container undefined"
>
  <div
    className={undefined}
  >
    <svg
      aria-hidden="true"
      className="svg-inline--fa fa-frown fa-w-16 fa-8x "
      data-icon="frown"
      data-prefix="fas"
      role="img"
      style={Object {}}
      viewBox="0 0 496 512"
      xmlns="http://www.w3.org/2000/svg"
    >
      <path
        d="M248 8C111 8 0 119 0 256s111 248 248 248 248-111 248-248S385 8 248 8zm80 168c17.7 0 32 14.3 32 32s-14.3 32-32 32-32-14.3-32-32 14.3-32 32-32zm-160 0c17.7 0 32 14.3 32 32s-14.3 32-32 32-32-14.3-32-32 14.3-32 32-32zm192.7 220.3c-3 2.5-6.6 3.7-10.2 3.7-4.6 0-9.1-2-12.3-5.8-22.4-26.8-55.3-42.2-90.2-42.2s-67.8 15.4-90.2 42.2c-5.6 6.8-15.7 7.7-22.5 2-6.8-5.7-7.7-15.7-2-22.5C161.7 339.6 203.6 320 248 320s86.3 19.6 114.7 53.8c5.7 6.7 4.8 16.8-2 22.5z"
        fill="currentColor"
        style={Object {}}
      />
    </svg>
    <div
      className={undefined}
    >
      404
    </div>
    <div
      className={undefined}
    >
      Oops! This page does not exist!
    </div>
  </div>
</div>
`;
