// Jest Snapshot v1, https://goo.gl/fbAQLP

exports[`About has a valid snapshot 1`] = `
<div
  className="container undefined"
>
  <h1>
     About 
  </h1>
</div>
`;
