// Jest Snapshot v1, https://goo.gl/fbAQLP

exports[`Board has a valid snapshot 1`] = `
<div>
  <div
    key="0"
  >
    <Square
      key="0"
      onClick={[Function]}
      value={null}
      winningSquare={null}
    />
    <Square
      key="1"
      onClick={[Function]}
      value={null}
      winningSquare={null}
    />
    <Square
      key="2"
      onClick={[Function]}
      value={null}
      winningSquare={null}
    />
  </div>
  <div
    key="1"
  >
    <Square
      key="3"
      onClick={[Function]}
      value={null}
      winningSquare={null}
    />
    <Square
      key="4"
      onClick={[Function]}
      value={null}
      winningSquare={null}
    />
    <Square
      key="5"
      onClick={[Function]}
      value={null}
      winningSquare={null}
    />
  </div>
  <div
    key="2"
  >
    <Square
      key="6"
      onClick={[Function]}
      value={null}
      winningSquare={null}
    />
    <Square
      key="7"
      onClick={[Function]}
      value={null}
      winningSquare={null}
    />
    <Square
      key="8"
      onClick={[Function]}
      value={null}
      winningSquare={null}
    />
  </div>
</div>
`;
